// Jest Snapshot v1, https://goo.gl/fbAQLP

exports[`utils/RedirectProtected should allow navigation for authenticated access 1`] = `"<div data-reactroot=\\"\\">PRIVATE</div>"`;

exports[`utils/RedirectProtected should redirect for unauthenticated access 1`] = `""`;
